// Jest Snapshot v1, https://goo.gl/fbAQLP

exports[`CategoryCard component should match the snapshot 1`] = `"<div class=\\"category-card\\"><div><img class=\\"card-image\\" src=\\"luke_skywalker.jpg\\" alt=\\"luke_skywalker\\"/><h3>Luke Skywalker</h3></div><p>planet: Tatooine</p><p>population: 200000</p><p>species: Human</p><i class=\\"star far fa-star\\"></i></div>"`;
