// Jest Snapshot v1, https://goo.gl/fbAQLP

exports[`App component router should match Snapshot of landing page 1`] = `undefined`;

exports[`App component router should match Snapshot of people page 1`] = `undefined`;

exports[`App component router should match Snapshot of planets page 1`] = `undefined`;

exports[`App component router should match Snapshot of vehicles page 1`] = `undefined`;

exports[`App component snapshot should match the snapshot 1`] = `undefined`;
