// Jest Snapshot v1, https://goo.gl/fbAQLP

exports[`App component matches the snapshot 1`] = `"<div class=\\"App\\"><header class=\\"App-header\\"><h1 class=\\"App-title\\">SWAPIbox</h1></header><nav class=\\"nav-btns\\"><button class=\\"people-btn\\" value=\\"people\\">People</button><button class=\\"planets-btn\\" value=\\"planets\\">Planets</button><button class=\\"vehicles-btn\\" value=\\"vehicles\\">Vehicles</button></nav><section class=\\"scrolltext-container\\"><div class=\\"crawl\\"><p></p><div class=\\"film-info\\"><p></p><h1></h1></div></div></section></div>"`;
