// Jest Snapshot v1, https://goo.gl/fbAQLP

exports[`App component should match the snapshot 1`] = `"<div class=\\"App\\"><div><header class=\\"App-header\\"><h1 class=\\"App-title\\">SWAPIbox</h1><nav class=\\"nav-btns\\"><a class=\\"nav-link\\" href=\\"/people\\">People</a><a class=\\"nav-link\\" href=\\"/planets\\">Planets</a><a class=\\"nav-link\\" href=\\"/vehicles\\">Vehicles</a></nav></header><main><div><h1>Landing</h1></div></main></div><footer><section class=\\"scrolltext-container\\"><div class=\\"crawl\\"><p></p><div class=\\"film-info\\"><p></p><h1></h1></div></div></section></footer></div>"`;
