// Jest Snapshot v1, https://goo.gl/fbAQLP

exports[`CategoryContainer component should match the snapshot 1`] = `"<div class=\\"category-container\\"><div class=\\"category-card\\"><i class=\\"star fas fa-star\\"></i><div><img class=\\"card-image\\" src=\\"luke_skywalker.jpg\\" alt=\\"luke_skywalker\\"/><h3>Luke Skywalker</h3></div><p>planet: Tatooine</p><p>population: 200000</p><p>species: Human</p></div><div class=\\"category-card\\"><i class=\\"star far fa-star\\"></i><div><img class=\\"card-image\\" src=\\"c-3po.jpg\\" alt=\\"c-3po\\"/><h3>C-3PO</h3></div><p>planet: Tatooine</p><p>population: 200000</p><p>species: Droid</p></div></div>"`;
